// Jest Snapshot v1, https://goo.gl/fbAQLP

exports[`<UserGroup /> should render 1`] = `
<DocumentFragment>
  .c0 {
  margin: 0;
  padding-bottom: 10px;
}

.c2 {
  width: px;
  height: px;
}

.c1 {
  padding: 5px 0;
  display: -webkit-box;
  display: -webkit-flex;
  display: -ms-flexbox;
  display: flex;
  font-size: 14px;
  -webkit-align-items: center;
  -webkit-box-align: center;
  -ms-flex-align: center;
  align-items: center;
}

.c3 {
  padding-left: 10px;
}

<div
    class=""
  >
    <h2
      class="c0"
    >
      Usu√°rios
    </h2>
    <div
      class="c1"
    >
      <svg
        class="c2"
        focusable="false"
        role="img"
        viewBox="0 0 448 512"
        xmlns="http://www.w3.org/2000/svg"
      >
        <path
          d="M224 256c70.7 0 128-57.3 128-128S294.7 0 224 0 96 57.3 96 128s57.3 128 128 128zm89.6 32h-16.7c-22.2 10.2-46.9 16-72.9 16s-50.6-5.8-72.9-16h-16.7C60.2 288 0 348.2 0 422.4V464c0 26.5 21.5 48 48 48h352c26.5 0 48-21.5 48-48v-41.6c0-74.2-60.2-134.4-134.4-134.4z"
          fill="currentColor"
        />
      </svg>
      <span
        class="c3"
      >
        Romulo
      </span>
    </div>
  </div>
</DocumentFragment>
`;
