// Jest Snapshot v1, https://goo.gl/fbAQLP

exports[`<Input /> should render 1`] = `
<DocumentFragment>
  .c0 {
  padding: 15px 10px;
  width: calc(100% - 20px);
  border: 0;
  outline: none;
}

<input
    class="c0"
    value="romulo"
  />
</DocumentFragment>
`;
